// Jest Snapshot v1, https://goo.gl/fbAQLP

exports[`ui row component snapshots should render row 1`] = `
<div
  className="row"
  data-jsx={2596042597}
>
  Nice
</div>
`;
